warning: method `update_step_size` is never used
  --> vendor/ruv-fann/src/training/rprop.rs:98:8
   |
26 | impl<T: Float + Send> Rprop<T> {
   | ------------------------------ method in this implementation
...
98 |     fn update_step_size(&self, step_size: T, gradient: T, previous_gradient: T) -> T {
   |        ^^^^^^^^^^^^^^^^
   |
   = note: `#[warn(dead_code)]` on by default

warning: method `calculate_quickprop_delta` is never used
  --> vendor/ruv-fann/src/training/quickprop.rs:84:8
   |
24 | impl<T: Float + Send> Quickprop<T> {
   | ---------------------------------- method in this implementation
...
84 |     fn calculate_quickprop_delta(
   |        ^^^^^^^^^^^^^^^^^^^^^^^^^

warning: method `train_single_candidate_parallel` is never used
   --> vendor/ruv-fann/src/cascade.rs:918:8
    |
411 | impl<T: Float> CascadeTrainer<T> {
    | -------------------------------- method in this implementation
...
918 |     fn train_single_candidate_parallel(
    |        ^^^^^^^^^^^^^^^^^^^^^^^^^^^^^^^

warning: methods `train_candidates_parallel`, `train_single_candidate_with_data`, `calculate_candidate_correlation_with_data`, and `update_candidate_weights_simple` are never used
    --> vendor/ruv-fann/src/cascade.rs:1013:8
     |
1008 | / impl<T: Float + Send + Sync> CascadeTrainer<T> 
1009 | | where 
1010 | |     T::FromStrRadixErr: Send + Sync,
     | |____________________________________- methods in this implementation
...
1013 |       fn train_candidates_parallel(&mut self, candidates: &mut [CandidateNeuron<T>]) -> Result<(), RuvFannError> {
     |          ^^^^^^^^^^^^^^^^^^^^^^^^^
...
1044 |       fn train_single_candidate_with_data(
     |          ^^^^^^^^^^^^^^^^^^^^^^^^^^^^^^^^
...
1076 |       fn calculate_candidate_correlation_with_data(
     |          ^^^^^^^^^^^^^^^^^^^^^^^^^^^^^^^^^^^^^^^^^
...
1104 |       fn update_candidate_weights_simple(
     |          ^^^^^^^^^^^^^^^^^^^^^^^^^^^^^^^

warning: field `api_coverage` is never read
   --> vendor/ruv-fann/src/integration.rs:626:5
    |
624 | pub struct FannCompatibilityValidator<T: Float> {
    |            -------------------------- field in this struct
625 |     compatibility_tests: Vec<CompatibilityTest<T>>,
626 |     api_coverage: HashMap<String, bool>,
    |     ^^^^^^^^^^^^

warning: function `read_json_with_options` is never used
  --> vendor/ruv-fann/src/io/json.rs:32:8
   |
32 | pub fn read_json_with_options<T, R>(reader: &mut R, pretty: bool) -> IoResult<T>
   |        ^^^^^^^^^^^^^^^^^^^^^^

warning: function `write_json_with_options` is never used
  --> vendor/ruv-fann/src/io/json.rs:51:8
   |
51 | pub fn write_json_with_options<T, W>(data: &T, writer: &mut W, pretty: bool) -> IoResult<()>
   |        ^^^^^^^^^^^^^^^^^^^^^^^

warning: fields `pretty` and `include_null` are never read
  --> vendor/ruv-fann/src/io/json.rs:70:9
   |
68 | pub struct JsonConfig {
   |            ---------- fields in this struct
69 |     /// Use pretty printing (indented, human-readable)
70 |     pub pretty: bool,
   |         ^^^^^^
71 |     /// Include null values in serialization
72 |     pub include_null: bool,
   |         ^^^^^^^^^^^^
   |
   = note: `JsonConfig` has derived impls for the traits `Clone` and `Debug`, but these are intentionally ignored during dead code analysis

warning: associated functions `compact` and `pretty` are never used
  --> vendor/ruv-fann/src/io/json.rs:85:12
   |
75 | impl JsonConfig {
   | --------------- associated functions in this implementation
...
85 |     pub fn compact() -> Self {
   |            ^^^^^^^
...
93 |     pub fn pretty() -> Self {
   |            ^^^^^^

warning: field `config` is never read
   --> vendor/ruv-fann/src/io/json.rs:109:5
    |
108 | pub struct JsonReader {
    |            ---------- field in this struct
109 |     config: JsonConfig,
    |     ^^^^^^

warning: associated items `with_config` and `read` are never used
   --> vendor/ruv-fann/src/io/json.rs:121:12
    |
112 | impl JsonReader {
    | --------------- associated items in this implementation
...
121 |     pub fn with_config(config: JsonConfig) -> Self {
    |            ^^^^^^^^^^^
...
126 |     pub fn read<T, R>(&self, reader: &mut R) -> IoResult<T>
    |            ^^^^

warning: field `config` is never read
   --> vendor/ruv-fann/src/io/json.rs:143:5
    |
142 | pub struct JsonWriter {
    |            ---------- field in this struct
143 |     config: JsonConfig,
    |     ^^^^^^

warning: associated items `with_config` and `write` are never used
   --> vendor/ruv-fann/src/io/json.rs:155:12
    |
146 | impl JsonWriter {
    | --------------- associated items in this implementation
...
155 |     pub fn with_config(config: JsonConfig) -> Self {
    |            ^^^^^^^^^^^
...
160 |     pub fn write<T, W>(&self, data: &T, writer: &mut W) -> IoResult<()>
    |            ^^^^^

warning: fields `little_endian` and `varint_encoding` are never read
  --> vendor/ruv-fann/src/io/binary.rs:35:9
   |
33 | pub struct BinaryConfig {
   |            ------------ fields in this struct
34 |     /// Use little endian byte order
35 |     pub little_endian: bool,
   |         ^^^^^^^^^^^^^
36 |     /// Use variable length encoding for integers
37 |     pub varint_encoding: bool,
   |         ^^^^^^^^^^^^^^^
   |
   = note: `BinaryConfig` has derived impls for the traits `Clone` and `Debug`, but these are intentionally ignored during dead code analysis

warning: associated functions `compact` and `fast` are never used
  --> vendor/ruv-fann/src/io/binary.rs:50:12
   |
40 | impl BinaryConfig {
   | ----------------- associated functions in this implementation
...
50 |     pub fn compact() -> Self {
   |            ^^^^^^^
...
58 |     pub fn fast() -> Self {
   |            ^^^^

warning: field `config` is never read
  --> vendor/ruv-fann/src/io/binary.rs:74:5
   |
73 | pub struct BinaryReader {
   |            ------------ field in this struct
74 |     config: BinaryConfig,
   |     ^^^^^^

warning: associated items `with_config`, `read`, and `read_with_limit` are never used
   --> vendor/ruv-fann/src/io/binary.rs:86:12
    |
77  | impl BinaryReader {
    | ----------------- associated items in this implementation
...
86  |     pub fn with_config(config: BinaryConfig) -> Self {
    |            ^^^^^^^^^^^
...
91  |     pub fn read<T, R>(&self, reader: &mut R) -> IoResult<T>
    |            ^^^^
...
100 |     pub fn read_with_limit<T, R>(&self, reader: &mut R, limit: u64) -> IoResult<T>
    |            ^^^^^^^^^^^^^^^

warning: field `config` is never read
   --> vendor/ruv-fann/src/io/binary.rs:128:5
    |
127 | pub struct BinaryWriter {
    |            ------------ field in this struct
128 |     config: BinaryConfig,
    |     ^^^^^^

warning: associated items `with_config`, `write`, and `serialized_size` are never used
   --> vendor/ruv-fann/src/io/binary.rs:140:12
    |
131 | impl BinaryWriter {
    | ----------------- associated items in this implementation
...
140 |     pub fn with_config(config: BinaryConfig) -> Self {
    |            ^^^^^^^^^^^
...
145 |     pub fn write<T, W>(&self, data: &T, writer: &mut W) -> IoResult<()>
    |            ^^^^^
...
154 |     pub fn serialized_size<T>(&self, data: &T) -> IoResult<u64>
    |            ^^^^^^^^^^^^^^^

warning: function `serialized_size` is never used
   --> vendor/ruv-fann/src/io/binary.rs:174:12
    |
174 |     pub fn serialized_size<T>(data: &T) -> IoResult<u64>
    |            ^^^^^^^^^^^^^^^

warning: function `validate_serializable` is never used
   --> vendor/ruv-fann/src/io/binary.rs:183:12
    |
183 |     pub fn validate_serializable<T>(data: &T) -> IoResult<()>
    |            ^^^^^^^^^^^^^^^^^^^^^

warning: function `compress_bytes` is never used
  --> vendor/ruv-fann/src/io/compression.rs:31:8
   |
31 | pub fn compress_bytes(data: &[u8]) -> IoResult<Vec<u8>> {
   |        ^^^^^^^^^^^^^^

warning: function `decompress_bytes` is never used
  --> vendor/ruv-fann/src/io/compression.rs:39:8
   |
39 | pub fn decompress_bytes(data: &[u8]) -> IoResult<Vec<u8>> {
   |        ^^^^^^^^^^^^^^^^

warning: fields `level` and `fast` are never read
  --> vendor/ruv-fann/src/io/compression.rs:50:9
   |
48 | pub struct CompressionConfig {
   |            ----------------- fields in this struct
49 |     /// Compression level (0-9, where 9 is best compression)
50 |     pub level: u32,
   |         ^^^^^
51 |     /// Use faster compression algorithm
52 |     pub fast: bool,
   |         ^^^^
   |
   = note: `CompressionConfig` has derived impls for the traits `Clone` and `Debug`, but these are intentionally ignored during dead code analysis

warning: associated functions `fast`, `best`, and `with_level` are never used
  --> vendor/ruv-fann/src/io/compression.rs:65:12
   |
55 | impl CompressionConfig {
   | ---------------------- associated functions in this implementation
...
65 |     pub fn fast() -> Self {
   |            ^^^^
...
73 |     pub fn best() -> Self {
   |            ^^^^
...
81 |     pub fn with_level(level: u32) -> Self {
   |            ^^^^^^^^^^

warning: associated items `new`, `get_ref`, `get_mut`, and `into_inner` are never used
   --> vendor/ruv-fann/src/io/compression.rs:102:12
    |
100 | impl<R: Read> CompressedReader<R> {
    | --------------------------------- associated items in this implementation
101 |     /// Create a new compressed reader
102 |     pub fn new(reader: R) -> Self {
    |            ^^^
...
109 |     pub fn get_ref(&self) -> &GzDecoder<R> {
    |            ^^^^^^^
...
114 |     pub fn get_mut(&mut self) -> &mut GzDecoder<R> {
    |            ^^^^^^^
...
119 |     pub fn into_inner(self) -> GzDecoder<R> {
    |            ^^^^^^^^^^

warning: associated items `new`, `with_level`, `with_config`, `finish`, `get_ref`, and `get_mut` are never used
   --> vendor/ruv-fann/src/io/compression.rs:137:12
    |
135 | impl<W: Write> CompressedWriter<W> {
    | ---------------------------------- associated items in this implementation
136 |     /// Create a new compressed writer with default compression
137 |     pub fn new(writer: W) -> Self {
    |            ^^^
...
144 |     pub fn with_level(writer: W, level: u32) -> Self {
    |            ^^^^^^^^^^
...
151 |     pub fn with_config(writer: W, config: CompressionConfig) -> Self {
    |            ^^^^^^^^^^^
...
164 |     pub fn finish(self) -> std::io::Result<W> {
    |            ^^^^^^
...
169 |     pub fn get_ref(&self) -> &W {
    |            ^^^^^^^
...
174 |     pub fn get_mut(&mut self) -> &mut W {
    |            ^^^^^^^

warning: function `compression_ratio` is never used
   --> vendor/ruv-fann/src/io/compression.rs:194:12
    |
194 |     pub fn compression_ratio(original_size: usize, compressed_size: usize) -> f64 {
    |            ^^^^^^^^^^^^^^^^^

warning: function `space_savings` is never used
   --> vendor/ruv-fann/src/io/compression.rs:203:12
    |
203 |     pub fn space_savings(original_size: usize, compressed_size: usize) -> f64 {
    |            ^^^^^^^^^^^^^

warning: function `test_compression` is never used
   --> vendor/ruv-fann/src/io/compression.rs:212:12
    |
212 |     pub fn test_compression(data: &[u8]) -> IoResult<CompressionStats> {
    |            ^^^^^^^^^^^^^^^^

warning: struct `CompressionStats` is never constructed
   --> vendor/ruv-fann/src/io/compression.rs:225:16
    |
225 |     pub struct CompressionStats {
    |                ^^^^^^^^^^^^^^^^
    |
    = note: `CompressionStats` has derived impls for the traits `Clone` and `Debug`, but these are intentionally ignored during dead code analysis

warning: field `buffer_size` is never read
 --> vendor/ruv-fann/src/io/streaming.rs:8:5
  |
7 | pub struct TrainingDataStreamReader {
  |            ------------------------ field in this struct
8 |     buffer_size: usize,
  |     ^^^^^^^^^^^

warning: associated items `with_buffer_size`, `read_stream`, and `read_batches` are never used
   --> vendor/ruv-fann/src/io/streaming.rs:20:12
    |
11  | impl TrainingDataStreamReader {
    | ----------------------------- associated items in this implementation
...
20  |     pub fn with_buffer_size(buffer_size: usize) -> Self {
    |            ^^^^^^^^^^^^^^^^
...
25  |     pub fn read_stream<R, F>(&self, reader: &mut R, callback: F) -> IoResult<StreamStats>
    |            ^^^^^^^^^^^
...
105 |     pub fn read_batches<R, F>(&self, reader: &mut R, batch_size: usize, mut callback: F) -> IoResult<StreamStats>
    |            ^^^^^^^^^^^^

warning: struct `StreamStats` is never constructed
   --> vendor/ruv-fann/src/io/streaming.rs:202:12
    |
202 | pub struct StreamStats {
    |            ^^^^^^^^^^^
    |
    = note: `StreamStats` has derived impls for the traits `Clone` and `Debug`, but these are intentionally ignored during dead code analysis

warning: methods `avg_bytes_per_sample` and `parameters_per_sample` are never used
   --> vendor/ruv-fann/src/io/streaming.rs:211:12
    |
209 | impl StreamStats {
    | ---------------- methods in this implementation
210 |     /// Calculate average bytes per sample
211 |     pub fn avg_bytes_per_sample(&self) -> f64 {
    |            ^^^^^^^^^^^^^^^^^^^^
...
220 |     pub fn parameters_per_sample(&self) -> usize {
    |            ^^^^^^^^^^^^^^^^^^^^^

warning: field `buffer_size` is never read
   --> vendor/ruv-fann/src/io/streaming.rs:228:5
    |
226 | pub struct BufferedStreamReader<R> {
    |            -------------------- field in this struct
227 |     inner: BufReader<R>,
228 |     buffer_size: usize,
    |     ^^^^^^^^^^^

warning: associated items `new`, `with_capacity`, `buffer_size`, and `buffer_len` are never used
   --> vendor/ruv-fann/src/io/streaming.rs:233:12
    |
231 | impl<R: Read> BufferedStreamReader<R> {
    | ------------------------------------- associated items in this implementation
232 |     /// Create a new buffered stream reader
233 |     pub fn new(reader: R) -> Self {
    |            ^^^
...
241 |     pub fn with_capacity(reader: R, capacity: usize) -> Self {
    |            ^^^^^^^^^^^^^
...
249 |     pub fn buffer_size(&self) -> usize {
    |            ^^^^^^^^^^^
...
254 |     pub fn buffer_len(&self) -> usize {
    |            ^^^^^^^^^^

warning: function `estimate_batch_memory` is never used
   --> vendor/ruv-fann/src/io/streaming.rs:279:12
    |
279 |     pub fn estimate_batch_memory(
    |            ^^^^^^^^^^^^^^^^^^^^^

warning: function `optimal_batch_size` is never used
   --> vendor/ruv-fann/src/io/streaming.rs:295:12
    |
295 |     pub fn optimal_batch_size(
    |            ^^^^^^^^^^^^^^^^^^

warning: `ruv-fann` (lib) generated 39 warnings
vendor/ruv-fann/neuro-divergent/neuro-divergent-core/src/lib.rs:93:9: warning: ambiguous glob re-exports: the name `ValidationError` in the type namespace is first re-exported here
vendor/ruv-fann/neuro-divergent/neuro-divergent-core/src/lib.rs:93:9: warning: ambiguous glob re-exports: the name `ValidationWarning` in the type namespace is first re-exported here
vendor/ruv-fann/neuro-divergent/neuro-divergent-core/src/lib.rs:93:9: warning: ambiguous glob re-exports: the name `ScalingMethod` in the type namespace is first re-exported here
vendor/ruv-fann/neuro-divergent/neuro-divergent-core/src/lib.rs:93:9: warning: ambiguous glob re-exports: the name `RollingStatistic` in the type namespace is first re-exported here
vendor/ruv-fann/neuro-divergent/neuro-divergent-core/src/config.rs:379:5: warning: field `file_format` is never read
vendor/ruv-fann/neuro-divergent/neuro-divergent-core/src/error.rs:197:5: warning: variants `Compatibility`, `Math`, `Parallel`, and `Serialization` are never constructed
vendor/ruv-fann/neuro-divergent/neuro-divergent-core/src/integration.rs:38:5: warning: field `activation_mapper` is never read
warning: `neuro-divergent-core` (lib) generated 7 warnings
vendor/ruv-fann/neuro-divergent/neuro-divergent-models/src/forecasting.rs:9:36: warning: unused import: `TrainingMetrics`
vendor/ruv-fann/neuro-divergent/neuro-divergent-models/src/recurrent/layers.rs:6:5: warning: unused import: `std::collections::HashMap`
vendor/ruv-fann/neuro-divergent/neuro-divergent-models/src/recurrent/layers.rs:10:41: warning: unused import: `SequenceProcessor`
vendor/ruv-fann/neuro-divergent/neuro-divergent-models/src/recurrent/layers.rs:11:5: warning: unused import: `crate::utils::math`
vendor/ruv-fann/neuro-divergent/neuro-divergent-models/src/recurrent/rnn.rs:14:21: warning: unused import: `TimeSeriesSample`
vendor/ruv-fann/neuro-divergent/neuro-divergent-models/src/recurrent/rnn.rs:21:57: warning: unused import: `validation`
vendor/ruv-fann/neuro-divergent/neuro-divergent-models/src/activations.rs:5:23: warning: unused import: `Array2`
vendor/ruv-fann/neuro-divergent/neuro-divergent-models/src/utils.rs:7:5: warning: unused import: `std::collections::HashMap`
vendor/ruv-fann/neuro-divergent/neuro-divergent-models/src/layers.rs:6:5: warning: unused import: `num_traits::Float`
vendor/ruv-fann/neuro-divergent/neuro-divergent-models/src/activations.rs:6:5: warning: unused import: `num_traits::Float`
vendor/ruv-fann/neuro-divergent/neuro-divergent-models/src/recurrent/layers.rs:10:25: warning: unused import: `RecurrentState`
vendor/ruv-fann/neuro-divergent/neuro-divergent-models/src/forecasting.rs:36:9: warning: unused variable: `config`: help: if this is intentional, prefix it with an underscore: `_config`
vendor/ruv-fann/neuro-divergent/neuro-divergent-models/src/forecasting.rs:68:9: warning: unused variable: `config`: help: if this is intentional, prefix it with an underscore: `_config`
vendor/ruv-fann/neuro-divergent/neuro-divergent-models/src/recurrent/layers.rs:65:17: warning: unused variable: `rng`: help: if this is intentional, prefix it with an underscore: `_rng`
vendor/ruv-fann/neuro-divergent/neuro-divergent-models/src/recurrent/layers.rs:65:13: warning: variable does not need to be mutable
vendor/ruv-fann/neuro-divergent/neuro-divergent-models/src/recurrent/rnn.rs:540:44: warning: unused variable: `merge_mode`: help: if this is intentional, prefix it with an underscore: `_merge_mode`
vendor/ruv-fann/neuro-divergent/neuro-divergent-models/src/recurrent/rnn.rs:553:21: warning: unused variable: `recurrent_layers`: help: if this is intentional, prefix it with an underscore: `_recurrent_layers`
vendor/ruv-fann/neuro-divergent/neuro-divergent-models/src/utils.rs:264:9: warning: unused variable: `name`: help: if this is intentional, prefix it with an underscore: `_name`
vendor/ruv-fann/neuro-divergent/neuro-divergent-models/src/utils.rs:276:9: warning: unused variable: `name_a`: help: if this is intentional, prefix it with an underscore: `_name_a`
vendor/ruv-fann/neuro-divergent/neuro-divergent-models/src/utils.rs:277:9: warning: unused variable: `name_b`: help: if this is intentional, prefix it with an underscore: `_name_b`
vendor/ruv-fann/neuro-divergent/neuro-divergent-models/src/forecasting.rs:16:5: warning: fields `frequency`, `local_scaler_type`, and `num_threads` are never read
vendor/ruv-fann/neuro-divergent/neuro-divergent-models/src/recurrent/rnn.rs:35:5: warning: field `bidirectional` is never read
vendor/ruv-fann/neuro-divergent/neuro-divergent-models/src/layers.rs:63:5: warning: field `activation` is never read
vendor/ruv-fann/neuro-divergent/neuro-divergent-models/src/layers.rs:77:5: warning: fields `grad_gamma` and `grad_beta` are never read
vendor/ruv-fann/neuro-divergent/neuro-divergent-models/src/layers.rs:114:5: warning: fields `grad_gamma` and `grad_beta` are never read
warning: `neuro-divergent-models` (lib) generated 25 warnings (run `cargo fix --lib -p neuro-divergent-models` to apply 9 suggestions)
vendor/ruv-fann/neuro-divergent/neuro-divergent-training/src/scheduler.rs:27:5: warning: unused import: `std::collections::VecDeque`
vendor/ruv-fann/neuro-divergent/neuro-divergent-training/src/scheduler.rs:29:13: warning: unused import: `TrainingError`
vendor/ruv-fann/neuro-divergent/neuro-divergent-training/src/lib.rs:50:9: warning: ambiguous glob re-exports: the name `QuantileLoss` in the type namespace is first re-exported here
vendor/ruv-fann/neuro-divergent/neuro-divergent-training/src/lib.rs:50:9: warning: ambiguous glob re-exports: the name `PinballLoss` in the type namespace is first re-exported here
vendor/ruv-fann/neuro-divergent/neuro-divergent-training/src/lib.rs:273:20: warning: unused import: `Rng`
vendor/ruv-fann/neuro-divergent/neuro-divergent-training/src/loss.rs:419:13: warning: unused variable: `two`: help: if this is intentional, prefix it with an underscore: `_two`
vendor/ruv-fann/neuro-divergent/neuro-divergent-training/src/optimizer.rs:843:14: warning: unused variable: `layer_idx`: help: if this is intentional, prefix it with an underscore: `_layer_idx`
vendor/ruv-fann/neuro-divergent/neuro-divergent-training/src/metrics.rs:632:25: warning: unused variable: `y_true`: help: if this is intentional, prefix it with an underscore: `_y_true`
vendor/ruv-fann/neuro-divergent/neuro-divergent-training/src/metrics.rs:632:39: warning: unused variable: `y_pred`: help: if this is intentional, prefix it with an underscore: `_y_pred`
vendor/ruv-fann/neuro-divergent/neuro-divergent-training/src/metrics.rs:710:25: warning: unused variable: `y_true`: help: if this is intentional, prefix it with an underscore: `_y_true`
vendor/ruv-fann/neuro-divergent/neuro-divergent-training/src/metrics.rs:710:39: warning: unused variable: `y_pred`: help: if this is intentional, prefix it with an underscore: `_y_pred`
vendor/ruv-fann/neuro-divergent/neuro-divergent-training/src/lib.rs:274:17: warning: unused variable: `rng`: help: if this is intentional, prefix it with an underscore: `_rng`
vendor/ruv-fann/neuro-divergent/neuro-divergent-training/src/lib.rs:274:13: warning: variable does not need to be mutable
vendor/ruv-fann/neuro-divergent/neuro-divergent-training/src/metrics.rs:621:5: warning: field `n_bins` is never read
vendor/ruv-fann/neuro-divergent/neuro-divergent-training/src/metrics.rs:700:5: warning: field `alpha` is never read
vendor/ruv-fann/neuro-divergent/src/builders.rs:29:5: warning: field `model_type` is never read
vendor/ruv-fann/neuro-divergent/src/lib.rs:115:1: warning: missing documentation for a constant
vendor/ruv-fann/neuro-divergent/src/lib.rs:116:1: warning: missing documentation for a constant
vendor/ruv-fann/neuro-divergent/src/lib.rs:117:1: warning: missing documentation for a constant
vendor/ruv-fann/neuro-divergent/src/neural_forecast.rs:21:1: warning: missing documentation for a trait
vendor/ruv-fann/neuro-divergent/src/builders.rs:90:5: warning: missing documentation for a variant
vendor/ruv-fann/neuro-divergent/src/builders.rs:91:5: warning: missing documentation for a variant
vendor/ruv-fann/neuro-divergent/src/builders.rs:92:5: warning: missing documentation for a variant
vendor/ruv-fann/neuro-divergent/src/builders.rs:93:5: warning: missing documentation for a variant
vendor/ruv-fann/neuro-divergent/src/builders.rs:94:5: warning: missing documentation for a variant
vendor/ruv-fann/neuro-divergent/src/builders.rs:95:5: warning: missing documentation for a variant
vendor/ruv-fann/neuro-divergent/src/builders.rs:96:5: warning: missing documentation for a variant
vendor/ruv-fann/neuro-divergent/src/builders.rs:439:5: warning: missing documentation for a struct field
vendor/ruv-fann/neuro-divergent/src/builders.rs:440:5: warning: missing documentation for a struct field
vendor/ruv-fann/neuro-divergent/src/builders.rs:441:5: warning: missing documentation for a struct field
vendor/ruv-fann/neuro-divergent/src/builders.rs:442:5: warning: missing documentation for a struct field
vendor/ruv-fann/neuro-divergent/src/builders.rs:443:5: warning: missing documentation for a struct field
vendor/ruv-fann/neuro-divergent/src/builders.rs:444:5: warning: missing documentation for a struct field
vendor/ruv-fann/neuro-divergent/src/builders.rs:445:5: warning: missing documentation for a struct field
vendor/ruv-fann/neuro-divergent/src/builders.rs:446:5: warning: missing documentation for a struct field
vendor/ruv-fann/neuro-divergent/src/builders.rs:447:5: warning: missing documentation for a struct field
vendor/ruv-fann/neuro-divergent/src/builders.rs:448:5: warning: missing documentation for a struct field
vendor/ruv-fann/neuro-divergent/src/builders.rs:449:5: warning: missing documentation for a struct field
vendor/ruv-fann/neuro-divergent/src/builders.rs:450:5: warning: missing documentation for a struct field
vendor/ruv-fann/neuro-divergent/src/builders.rs:451:5: warning: missing documentation for a struct field
vendor/ruv-fann/neuro-divergent/src/builders.rs:452:5: warning: missing documentation for a struct field
vendor/ruv-fann/neuro-divergent/src/builders.rs:453:5: warning: missing documentation for a struct field
vendor/ruv-fann/neuro-divergent/src/builders.rs:454:5: warning: missing documentation for a struct field
vendor/ruv-fann/neuro-divergent/src/builders.rs:455:5: warning: missing documentation for a struct field
vendor/ruv-fann/neuro-divergent/src/builders.rs:456:5: warning: missing documentation for a struct field
vendor/ruv-fann/neuro-divergent/src/builders.rs:457:5: warning: missing documentation for a struct field
vendor/ruv-fann/neuro-divergent/src/builders.rs:458:5: warning: missing documentation for a struct field
vendor/ruv-fann/neuro-divergent/src/builders.rs:459:5: warning: missing documentation for a struct field
vendor/ruv-fann/neuro-divergent/src/builders.rs:460:5: warning: missing documentation for a struct field
vendor/ruv-fann/neuro-divergent/src/builders.rs:461:5: warning: missing documentation for a struct field
vendor/ruv-fann/neuro-divergent/src/builders.rs:518:5: warning: missing documentation for a variant
vendor/ruv-fann/neuro-divergent/src/builders.rs:519:5: warning: missing documentation for a variant
vendor/ruv-fann/neuro-divergent/src/builders.rs:520:5: warning: missing documentation for a variant
vendor/ruv-fann/neuro-divergent/src/builders.rs:526:5: warning: missing documentation for a variant
vendor/ruv-fann/neuro-divergent/src/builders.rs:527:5: warning: missing documentation for a variant
vendor/ruv-fann/neuro-divergent/src/builders.rs:528:5: warning: missing documentation for a variant
vendor/ruv-fann/neuro-divergent/src/builders.rs:529:5: warning: missing documentation for a variant
vendor/ruv-fann/neuro-divergent/src/builders.rs:530:5: warning: missing documentation for a variant
vendor/ruv-fann/neuro-divergent/src/builders.rs:698:5: warning: missing documentation for a struct field
vendor/ruv-fann/neuro-divergent/src/builders.rs:699:5: warning: missing documentation for a struct field
vendor/ruv-fann/neuro-divergent/src/builders.rs:700:5: warning: missing documentation for a struct field
vendor/ruv-fann/neuro-divergent/src/builders.rs:701:5: warning: missing documentation for a struct field
vendor/ruv-fann/neuro-divergent/src/builders.rs:702:5: warning: missing documentation for a struct field
vendor/ruv-fann/neuro-divergent/src/builders.rs:703:5: warning: missing documentation for a struct field
vendor/ruv-fann/neuro-divergent/src/builders.rs:704:5: warning: missing documentation for a struct field
vendor/ruv-fann/neuro-divergent/src/builders.rs:705:5: warning: missing documentation for a struct field
vendor/ruv-fann/neuro-divergent/src/builders.rs:706:5: warning: missing documentation for a struct field
vendor/ruv-fann/neuro-divergent/src/builders.rs:707:5: warning: missing documentation for a struct field
vendor/ruv-fann/neuro-divergent/src/builders.rs:708:5: warning: missing documentation for a struct field
vendor/ruv-fann/neuro-divergent/src/builders.rs:709:5: warning: missing documentation for a struct field
vendor/ruv-fann/neuro-divergent/src/builders.rs:710:5: warning: missing documentation for a struct field
vendor/ruv-fann/neuro-divergent/src/builders.rs:711:5: warning: missing documentation for a struct field
vendor/ruv-fann/neuro-divergent/src/builders.rs:712:5: warning: missing documentation for a struct field
vendor/ruv-fann/neuro-divergent/src/builders.rs:713:5: warning: missing documentation for a struct field
vendor/ruv-fann/neuro-divergent/src/builders.rs:714:5: warning: missing documentation for a struct field
vendor/ruv-fann/neuro-divergent/src/builders.rs:715:5: warning: missing documentation for a struct field
vendor/ruv-fann/neuro-divergent/src/builders.rs:716:5: warning: missing documentation for a struct field
vendor/ruv-fann/neuro-divergent/src/builders.rs:717:5: warning: missing documentation for a struct field
vendor/ruv-fann/neuro-divergent/src/config.rs:16:5: warning: missing documentation for a variant
vendor/ruv-fann/neuro-divergent/src/config.rs:18:5: warning: missing documentation for a variant
vendor/ruv-fann/neuro-divergent/src/config.rs:20:5: warning: missing documentation for a variant
vendor/ruv-fann/neuro-divergent/src/config.rs:22:5: warning: missing documentation for a variant
vendor/ruv-fann/neuro-divergent/src/config.rs:24:5: warning: missing documentation for a variant
vendor/ruv-fann/neuro-divergent/src/config.rs:28:5: warning: missing documentation for a variant
vendor/ruv-fann/neuro-divergent/src/config.rs:30:5: warning: missing documentation for a variant
vendor/ruv-fann/neuro-divergent/src/config.rs:32:5: warning: missing documentation for a variant
vendor/ruv-fann/neuro-divergent/src/config.rs:34:5: warning: missing documentation for a variant
vendor/ruv-fann/neuro-divergent/src/config.rs:36:5: warning: missing documentation for a variant
vendor/ruv-fann/neuro-divergent/src/config.rs:38:5: warning: missing documentation for a variant
vendor/ruv-fann/neuro-divergent/src/config.rs:42:5: warning: missing documentation for a variant
vendor/ruv-fann/neuro-divergent/src/config.rs:44:5: warning: missing documentation for a variant
vendor/ruv-fann/neuro-divergent/src/config.rs:46:5: warning: missing documentation for a variant
vendor/ruv-fann/neuro-divergent/src/config.rs:50:5: warning: missing documentation for a variant
vendor/ruv-fann/neuro-divergent/src/utils.rs:523:9: warning: missing documentation for a struct field
vendor/ruv-fann/neuro-divergent/src/utils.rs:524:9: warning: missing documentation for a struct field
vendor/ruv-fann/neuro-divergent/src/utils.rs:525:9: warning: missing documentation for a struct field
vendor/ruv-fann/neuro-divergent/src/utils.rs:529:9: warning: missing documentation for an associated function
vendor/ruv-fann/neuro-divergent/src/utils.rs:537:9: warning: missing documentation for a method
vendor/ruv-fann/neuro-divergent/src/utils.rs:541:9: warning: missing documentation for a method
vendor/ruv-fann/neuro-divergent/src/utils.rs:545:9: warning: missing documentation for a method
vendor/ruv-fann/neuro-divergent/src/utils.rs:549:9: warning: missing documentation for a method
vendor/ruv-fann/neuro-divergent/src/utils.rs:553:9: warning: missing documentation for a method
vendor/ruv-fann/neuro-divergent/src/utils.rs:557:9: warning: missing documentation for a method
vendor/ruv-fann/neuro-divergent/src/utils.rs:575:9: warning: missing documentation for an associated function
vendor/ruv-fann/neuro-divergent/src/utils.rs:582:9: warning: missing documentation for a method
vendor/ruv-fann/neuro-divergent/src/utils.rs:586:9: warning: missing documentation for a method
vendor/ruv-fann/neuro-divergent/src/utils.rs:590:9: warning: missing documentation for a method
vendor/ruv-fann/neuro-divergent/src/utils.rs:594:9: warning: missing documentation for a method
vendor/ruv-fann/neuro-divergent/src/utils.rs:613:9: warning: missing documentation for an associated function
vendor/ruv-fann/neuro-divergent/src/utils.rs:617:9: warning: missing documentation for a method
vendor/ruv-fann/neuro-divergent/src/utils.rs:624:9: warning: missing documentation for a method
vendor/ruv-fann/neuro-divergent/src/utils.rs:628:9: warning: missing documentation for a method
vendor/ruv-fann/neuro-divergent/src/utils.rs:632:9: warning: missing documentation for a method
vendor/ruv-fann/neuro-divergent/src/utils.rs:636:9: warning: missing documentation for a method
vendor/ruv-fann/neuro-divergent/src/errors.rs:65:15: warning: missing documentation for a struct field
vendor/ruv-fann/neuro-divergent/src/errors.rs:69:16: warning: missing documentation for a struct field
vendor/ruv-fann/neuro-divergent/src/lib.rs:145:5: warning: missing documentation for a function
vendor/ruv-fann/neuro-divergent/src/lib.rs:156:5: warning: missing documentation for a function
warning: `neuro-divergent-training` (lib) generated 15 warnings (run `cargo fix --lib -p neuro-divergent-training` to apply 4 suggestions)
warning: `neuro-divergent` (lib) generated 103 warnings
   Compiling autonomous-platform v0.1.0 (/workspaces/neural-trader)
warning: unused import: `super::AdapterError`
  --> src/adapters/daa_service.rs:13:5
   |
13 | use super::AdapterError;
   |     ^^^^^^^^^^^^^^^^^^^
   |
   = note: `#[warn(unused_imports)]` on by default

warning: unused imports: `CircuitBreakerState` and `ErrorSeverity`
  --> src/adapters/enhanced_neural_adapter.rs:20:35
   |
20 | use super::errors::{AdapterError, CircuitBreakerState, ErrorSeverity};
   |                                   ^^^^^^^^^^^^^^^^^^^  ^^^^^^^^^^^^^

warning: unused imports: `FallbackResult` and `UltimateFallbackStrategy`
  --> src/adapters/enhanced_neural_adapter.rs:23:22
   |
23 |     FallbackManager, FallbackResult, FallbackStrategy, UltimateFallbackStrategy,
   |                      ^^^^^^^^^^^^^^                    ^^^^^^^^^^^^^^^^^^^^^^^^

warning: unused import: `std::fmt`
 --> src/adapters/errors.rs:7:5
  |
7 | use std::fmt;
  |     ^^^^^^^^

warning: unused import: `async_trait::async_trait`
 --> src/adapters/fallback_manager.rs:6:5
  |
6 | use async_trait::async_trait;
  |     ^^^^^^^^^^^^^^^^^^^^^^^^

warning: unused import: `VecDeque`
 --> src/adapters/fallback_manager.rs:8:33
  |
8 | use std::collections::{HashMap, VecDeque};
  |                                 ^^^^^^^^

warning: unused import: `error`
  --> src/adapters/fallback_manager.rs:12:22
   |
12 | use tracing::{debug, error, info, warn};
   |                      ^^^^^

warning: unused imports: `ErrorSeverity` and `FallbackConfig`
  --> src/adapters/fallback_manager.rs:15:68
   |
15 |     AdapterError, DefaultErrorHandler, ErrorContext, ErrorHandler, ErrorSeverity, FallbackConfig,
   |                                                                    ^^^^^^^^^^^^^  ^^^^^^^^^^^^^^

warning: unused import: `error`
  --> src/adapters/health_monitor.rs:13:22
   |
13 | use tracing::{debug, error, info, warn};
   |                      ^^^^^

warning: unused import: `crate::data::TimeSeriesData`
  --> src/adapters/health_monitor.rs:19:5
   |
19 | use crate::data::TimeSeriesData;
   |     ^^^^^^^^^^^^^^^^^^^^^^^^^^^

warning: unused import: `async_trait::async_trait`
  --> src/adapters/model_rollback.rs:11:5
   |
11 | use async_trait::async_trait;
   |     ^^^^^^^^^^^^^^^^^^^^^^^^

warning: unused import: `SystemTime`
  --> src/adapters/model_rollback.rs:19:27
   |
19 | use std::time::{Duration, SystemTime};
   |                           ^^^^^^^^^^

warning: unused import: `timeout`
  --> src/adapters/model_rollback.rs:22:26
   |
22 | use tokio::time::{sleep, timeout};
   |                          ^^^^^^^

warning: unused imports: `AdapterError` and `HealthCheckResult`
  --> src/adapters/model_rollback.rs:25:21
   |
25 | use super::errors::{AdapterError, HealthCheckResult, HealthMetrics};
   |                     ^^^^^^^^^^^^  ^^^^^^^^^^^^^^^^^

warning: unused import: `crate::config::NeuralConfig`
  --> src/adapters/model_rollback.rs:27:5
   |
27 | use crate::config::NeuralConfig;
   |     ^^^^^^^^^^^^^^^^^^^^^^^^^^^

warning: unused import: `tokio::io`
  --> src/adapters/model_storage.rs:18:5
   |
18 | use tokio::io;
   |     ^^^^^^^^^

warning: unused import: `error`
  --> src/adapters/model_storage.rs:20:22
   |
20 | use tracing::{debug, error, info, warn};
   |                      ^^^^^

warning: unused imports: `AdapterError` and `ErrorSeverity`
  --> src/adapters/model_storage.rs:22:21
   |
22 | use super::errors::{AdapterError, ErrorSeverity};
   |                     ^^^^^^^^^^^^  ^^^^^^^^^^^^^

warning: unused import: `AsyncModelWrapper`
  --> src/adapters/model_storage.rs:23:28
   |
23 | use super::vendor_bridge::{AsyncModelWrapper, SyncVendorModel, TrainingConfig};
   |                            ^^^^^^^^^^^^^^^^^

warning: unused import: `Context`
 --> src/adapters/neural/type_converter.rs:6:14
  |
6 | use anyhow::{Context, Result};
  |              ^^^^^^^

warning: unused import: `bail`
 --> src/adapters/neural/vendor_conversion.rs:7:14
  |
7 | use anyhow::{bail, Context, Result};
  |              ^^^^

warning: unused imports: `DateTime` and `Utc`
 --> src/adapters/neural/vendor_conversion.rs:8:14
  |
8 | use chrono::{DateTime, Utc};
  |              ^^^^^^^^  ^^^

warning: unused import: `Array1`
 --> src/adapters/neural/vendor_conversion.rs:9:15
  |
9 | use ndarray::{Array1, Array2};
  |               ^^^^^^

warning: unused import: `RedisConfig`
  --> src/adapters/redis_sector_channels.rs:19:34
   |
19 | use super::redis::{RedisAdapter, RedisConfig};
   |                                  ^^^^^^^^^^^

warning: unused import: `SectorInfo`
  --> src/adapters/redis_sector_channels.rs:20:44
   |
20 | use crate::data::sector_mapper::{SectorId, SectorInfo};
   |                                            ^^^^^^^^^^

warning: unused import: `async_trait::async_trait`
  --> src/adapters/redis_sector_channels.rs:22:5
   |
22 | use async_trait::async_trait;
   |     ^^^^^^^^^^^^^^^^^^^^^^^^

warning: unused imports: `AsyncCommands` and `streams::StreamRangeReply`
  --> src/adapters/redis_sector_channels.rs:23:13
   |
23 | use redis::{AsyncCommands, streams::StreamRangeReply};
   |             ^^^^^^^^^^^^^  ^^^^^^^^^^^^^^^^^^^^^^^^^

warning: unused imports: `error` and `warn`
  --> src/adapters/redis_sector_channels.rs:29:28
   |
29 | use tracing::{debug, info, warn, error};
   |                            ^^^^  ^^^^^

warning: unused import: `DateTime`
  --> src/adapters/redis_sector_channels.rs:30:14
   |
30 | use chrono::{DateTime, Utc};
   |              ^^^^^^^^

warning: unused import: `async_trait::async_trait`
  --> src/adapters/redis_integration.rs:17:5
   |
17 | use async_trait::async_trait;
   |     ^^^^^^^^^^^^^^^^^^^^^^^^

warning: unused import: `error`
  --> src/adapters/redis_integration.rs:20:34
   |
20 | use tracing::{debug, info, warn, error};
   |                                  ^^^^^

warning: unused import: `tokio::task::JoinHandle`
  --> src/adapters/vendor_bridge.rs:14:5
   |
14 | use tokio::task::JoinHandle;
   |     ^^^^^^^^^^^^^^^^^^^^^^^

warning: unused imports: `DateTime` and `Utc`
  --> src/agents/mod.rs:12:14
   |
12 | use chrono::{DateTime, Utc};
   |              ^^^^^^^^  ^^^

warning: unused imports: `DateTime` and `Utc`
 --> src/agents/daa_bridge.rs:8:14
  |
8 | use chrono::{DateTime, Utc};
  |              ^^^^^^^^  ^^^

warning: unused imports: `Deserialize` and `Serialize`
 --> src/agents/daa_bridge.rs:9:13
  |
9 | use serde::{Deserialize, Serialize};
  |             ^^^^^^^^^^^  ^^^^^^^^^

warning: elided lifetime has a name
   --> src/config/sector_models.rs:525:91
    |
525 |     pub fn models_for_sector<'a>(&'a self, sector_name: &'a str) -> impl Iterator<Item = (&String, &ModelConfig)> + '_ {
    |                              -- lifetime `'a` declared here                               ^ this elided lifetime gets resolved as `'a`
    |
    = note: `#[warn(elided_named_lifetimes)]` on by default

warning: elided lifetime has a name
   --> src/config/sector_models.rs:525:100
    |
525 |     pub fn models_for_sector<'a>(&'a self, sector_name: &'a str) -> impl Iterator<Item = (&String, &ModelConfig)> + '_ {
    |                              -- lifetime `'a` declared here                                        ^ this elided lifetime gets resolved as `'a`

warning: elided lifetime has a name
   --> src/config/sector_models.rs:525:117
    |
525 |     pub fn models_for_sector<'a>(&'a self, sector_name: &'a str) -> impl Iterator<Item = (&String, &ModelConfig)> + '_ {
    |                              -- lifetime `'a` declared here                                                         ^^ this elided lifetime gets resolved as `'a`

warning: unused imports: `DateTime` and `Utc`
  --> src/daa/autonomous_training.rs:41:14
   |
41 | use chrono::{DateTime, Utc};
   |              ^^^^^^^^  ^^^

warning: unused import: `Context`
  --> src/daa/training_scheduler.rs:10:14
   |
10 | use anyhow::{Context, Result};
   |              ^^^^^^^

warning: unused import: `TimeSeriesData`
  --> src/data/sector_mapper.rs:23:19
   |
23 | use crate::data::{TimeSeriesData, RedisCache};
   |                   ^^^^^^^^^^^^^^

warning: unused imports: `DateTime` and `Utc`
  --> src/data/sector_mapper.rs:24:14
   |
24 | use chrono::{DateTime, Utc};
   |              ^^^^^^^^  ^^^

warning: unused imports: `Context` and `anyhow`
  --> src/data/sector_aggregator.rs:10:14
   |
10 | use anyhow::{Context, Result, anyhow};
   |              ^^^^^^^          ^^^^^^

warning: unused import: `error`
  --> src/data/sector_aggregator.rs:16:34
   |
16 | use tracing::{debug, info, warn, error};
   |                                  ^^^^^

warning: unused import: `SectorInfo`
  --> src/data/sector_aggregator.rs:19:75
   |
19 | use crate::data::{TimeSeriesData, sector_mapper::{SectorMapper, SectorId, SectorInfo}};
   |                                                                           ^^^^^^^^^^

warning: unused import: `Context`
  --> src/data/data_converter.rs:12:14
   |
12 | use anyhow::{Context, Result};
   |              ^^^^^^^

warning: unused import: `Duration`
 --> src/features/market_microstructure.rs:8:29
  |
8 | use chrono::{DateTime, Utc, Duration};
  |                             ^^^^^^^^

warning: unused imports: `DMatrix` and `DVector`
 --> src/features/cross_asset.rs:8:16
  |
8 | use nalgebra::{DMatrix, DVector};
  |                ^^^^^^^  ^^^^^^^

warning: unused imports: `Deserialize` and `Serialize`
 --> src/features/feature_store.rs:8:13
  |
8 | use serde::{Deserialize, Serialize};
  |             ^^^^^^^^^^^  ^^^^^^^^^

warning: unused import: `dashmap::DashMap`
 --> src/features/shared_feature_extractor.rs:7:5
  |
7 | use dashmap::DashMap;
  |     ^^^^^^^^^^^^^^^^

warning: unused imports: `FeatureCategory`, `FeatureMetadata`, and `FeatureResult`
  --> src/features/shared_feature_extractor.rs:17:23
   |
17 | use crate::features::{FeatureCategory, FeatureMetadata, FeatureResult};
   |                       ^^^^^^^^^^^^^^^  ^^^^^^^^^^^^^^^  ^^^^^^^^^^^^^

warning: unused import: `SharedFeatureConfig`
  --> src/features/symbol_specialization.rs:26:5
   |
26 |     SharedFeatureConfig, FeatureCategory
   |     ^^^^^^^^^^^^^^^^^^^

warning: unnecessary parentheses around assigned value
   --> src/integration/autonomous_decisions.rs:270:44
    |
270 |                 self.decision_threshold *= (1.0 - self.adaptation_rate);
    |                                            ^                          ^
    |
    = note: `#[warn(unused_parens)]` on by default
help: remove these parentheses
    |
270 -                 self.decision_threshold *= (1.0 - self.adaptation_rate);
270 +                 self.decision_threshold *= 1.0 - self.adaptation_rate;
    |

warning: unnecessary parentheses around assigned value
   --> src/integration/autonomous_decisions.rs:273:44
    |
273 |                 self.decision_threshold *= (1.0 + self.adaptation_rate);
    |                                            ^                          ^
    |
help: remove these parentheses
    |
273 -                 self.decision_threshold *= (1.0 + self.adaptation_rate);
273 +                 self.decision_threshold *= 1.0 + self.adaptation_rate;
    |

warning: unused import: `uuid::Uuid`
  --> src/integration/daa_coordinator.rs:17:5
   |
17 | use uuid::Uuid;
   |     ^^^^^^^^^^

warning: unnecessary parentheses around assigned value
   --> src/integration/daa_coordinator.rs:515:26
    |
515 |         signal_weight *= (0.5 + diversity_score * 0.5);
    |                          ^                           ^
    |
help: remove these parentheses
    |
515 -         signal_weight *= (0.5 + diversity_score * 0.5);
515 +         signal_weight *= 0.5 + diversity_score * 0.5;
    |

warning: unused import: `anyhow`
 --> src/integration/daa_coordinator_enhanced.rs:9:31
  |
9 | use anyhow::{Context, Result, anyhow};
  |                               ^^^^^^

warning: unused import: `warn`
  --> src/integration/daa_coordinator_enhanced.rs:14:28
   |
14 | use tracing::{debug, info, warn};
   |                            ^^^^

warning: unused import: `Context`
 --> src/integration/daa_coordinator_modular/core.rs:5:14
  |
5 | use anyhow::{Context, Result};
  |              ^^^^^^^

warning: unused imports: `debug` and `info`
  --> src/integration/daa_coordinator_modular/core.rs:10:15
   |
10 | use tracing::{debug, error, info, warn};
   |               ^^^^^         ^^^^

warning: unused import: `PerformanceSnapshot`
  --> src/integration/daa_coordinator_modular/core.rs:12:65
   |
12 | use crate::daa::autonomous_training::{AutonomousTrainingEngine, PerformanceSnapshot};
   |                                                                 ^^^^^^^^^^^^^^^^^^^

warning: unused import: `PredictionResult`
  --> src/integration/daa_coordinator_modular/core.rs:14:38
   |
14 | use crate::neural::{NeuralPredictor, PredictionResult, NeuralPredictorTrait};
   |                                      ^^^^^^^^^^^^^^^^

warning: unused import: `warn`
  --> src/integration/daa_coordinator_modular/agents.rs:10:21
   |
10 | use tracing::{info, warn};
   |                     ^^^^

warning: unused import: `Context`
 --> src/integration/training_data_service.rs:9:20
  |
9 | use anyhow::{bail, Context, Result};
  |                    ^^^^^^^

warning: unused import: `SyncVendorModel`
   --> src/integration/model_persistence_service.rs:135:76
    |
135 | use crate::adapters::vendor_bridge::{TrainingConfig, VendorTimeSeriesData, SyncVendorModel};
    |                                                                            ^^^^^^^^^^^^^^^

warning: unused import: `tokio::sync::oneshot`
 --> src/monitoring/health/async_health_monitor.rs:9:5
  |
9 | use tokio::sync::oneshot;
  |     ^^^^^^^^^^^^^^^^^^^^

warning: unused import: `Context`
 --> src/monitoring/model_performance_tracker.rs:6:14
  |
6 | use anyhow::{Context, Result};
  |              ^^^^^^^

warning: unused imports: `AtomicU64` and `Ordering`
  --> src/monitoring/model_performance_tracker.rs:11:25
   |
11 | use std::sync::atomic::{AtomicU64, Ordering};
   |                         ^^^^^^^^^  ^^^^^^^^

warning: unused imports: `error` and `warn`
  --> src/monitoring/model_performance_tracker.rs:14:22
   |
14 | use tracing::{debug, error, info, warn};
   |                      ^^^^^        ^^^^

warning: unnecessary parentheses around assigned value
   --> src/monitoring/model_performance_tracker.rs:399:33
    |
399 |         let reliability_score = (metrics.confidence_calibration * 0.4 +
    |                                 ^
400 |                                (1.0 - metrics.consecutive_failures as f64 / 10.0).max(0.0) * 0.6);
    |                                                                                                 ^
    |
help: remove these parentheses
    |
399 ~         let reliability_score = metrics.confidence_calibration * 0.4 +
400 ~                                (1.0 - metrics.consecutive_failures as f64 / 10.0).max(0.0) * 0.6;
    |

warning: unused import: `crate::config::NeuralConfig`
  --> src/neural/mod.rs:11:5
   |
11 | use crate::config::NeuralConfig;
   |     ^^^^^^^^^^^^^^^^^^^^^^^^^^^

warning: unused import: `Context`
 --> src/neural/fann_model_adapter.rs:6:22
  |
6 | use anyhow::{anyhow, Context, Result};
  |                      ^^^^^^^

warning: unused import: `tokio::sync::RwLock`
  --> src/neural/fann_model_adapter.rs:15:5
   |
15 | use tokio::sync::RwLock;
   |     ^^^^^^^^^^^^^^^^^^^

warning: unused import: `error`
  --> src/neural/fann_model_adapter.rs:16:22
   |
16 | use tracing::{debug, error, info, warn};
   |                      ^^^^^

warning: unused import: `crate::data::TimeSeriesData`
  --> src/neural/fann_model_adapter.rs:28:5
   |
28 | use crate::data::TimeSeriesData;
   |     ^^^^^^^^^^^^^^^^^^^^^^^^^^^

warning: unused import: `Context`
 --> src/neural/streaming_connector.rs:6:14
  |
6 | use anyhow::{Context, Result};
  |              ^^^^^^^

warning: unnecessary parentheses around assigned value
   --> src/neural/streaming_connector.rs:454:43
    |
454 |           current_metrics.overall_quality = (
    |  ___________________________________________^
455 | |             current_metrics.completeness * 0.3 +
    | |____________^
...
458 |               current_metrics.consistency * 0.1
    |  ______________________________________________^
459 | |         );
    | |_________^
    |
help: remove these parentheses
    |
454 ~         current_metrics.overall_quality = current_metrics.completeness * 0.3 +
455 |             current_metrics.timeliness * 0.3 +
456 |             current_metrics.accuracy * 0.3 +
457 ~             current_metrics.consistency * 0.1;
    |

warning: unused import: `Context`
 --> src/neural/online_validator.rs:7:14
  |
7 | use anyhow::{Context, Result};
  |              ^^^^^^^

warning: unused import: `NeuralPredictorTrait`
  --> src/neural/online_validator.rs:17:31
   |
17 | use super::{PredictionResult, NeuralPredictorTrait};
   |                               ^^^^^^^^^^^^^^^^^^^^

warning: unused import: `crate::data::TimeSeriesData`
  --> src/neural/online_validator.rs:18:5
   |
18 | use crate::data::TimeSeriesData;
   |     ^^^^^^^^^^^^^^^^^^^^^^^^^^^

warning: unused import: `Context`
 --> src/neural/online_learning_manager.rs:7:14
  |
7 | use anyhow::{Context, Result};
  |              ^^^^^^^

warning: unused import: `warn`
  --> src/neural/enhanced_predictor.rs:16:28
   |
16 | use tracing::{debug, info, warn};
   |                            ^^^^

warning: unused import: `crate::neural::NeuralPredictorTrait`
  --> src/neural/performance_optimizer.rs:24:5
   |
24 | use crate::neural::NeuralPredictorTrait;
   |     ^^^^^^^^^^^^^^^^^^^^^^^^^^^^^^^^^^^

warning: unused import: `futures::future::join_all`
 --> src/neural/batch_optimizer.rs:7:5
  |
7 | use futures::future::join_all;
  |     ^^^^^^^^^^^^^^^^^^^^^^^^^

warning: unused import: `super::ensemble_types::EnsemblePrediction`
  --> src/neural/batch_optimizer.rs:14:5
   |
14 | use super::ensemble_types::EnsemblePrediction;
   |     ^^^^^^^^^^^^^^^^^^^^^^^^^^^^^^^^^^^^^^^^^

warning: unused import: `HashSet`
  --> src/neural/vendor_predictor.rs:18:33
   |
18 | use std::collections::{HashMap, HashSet};
   |                                 ^^^^^^^

warning: unused imports: `SharedSectorFeatures` and `SymbolFeatures`
  --> src/neural/vendor_predictor.rs:37:94
   |
37 | use crate::features::shared_feature_extractor::{SharedFeatureExtractor, SharedFeatureConfig, SharedSectorFeatures, SymbolFeatures};
   |                                                                                              ^^^^^^^^^^^^^^^^^^^^  ^^^^^^^^^^^^^^

warning: unused import: `crate::neural::fallback_system::EmergencyFallbackSystem`
  --> src/neural/vendor_predictor.rs:52:5
   |
52 | use crate::neural::fallback_system::EmergencyFallbackSystem;
   |     ^^^^^^^^^^^^^^^^^^^^^^^^^^^^^^^^^^^^^^^^^^^^^^^^^^^^^^^

warning: unused import: `Context`
 --> src/neural/memory_optimized_predictor.rs:9:14
  |
9 | use anyhow::{Context, Result};
  |              ^^^^^^^

warning: unused import: `Duration`
  --> src/neural/memory_optimized_predictor.rs:11:29
   |
11 | use chrono::{DateTime, Utc, Duration};
   |                             ^^^^^^^^

warning: unused import: `Context`
  --> src/neural/sector_aggregator.rs:14:22
   |
14 | use anyhow::{anyhow, Context, Result};
   |                      ^^^^^^^

warning: unused import: `warn`
  --> src/neural/model_factory.rs:10:28
   |
10 | use tracing::{debug, info, warn};
   |                            ^^^^

warning: unused import: `ModelConfig as EmergencyModelConfig`
  --> src/neural/model_factory.rs:12:65
   |
12 | use crate::neural::emergency_model::{BaseModel, EmergencyModel, ModelConfig as EmergencyModelConfig};
   |                                                                 ^^^^^^^^^^^^^^^^^^^^^^^^^^^^^^^^^^^

warning: unused import: `std::sync::Arc`
 --> src/neural/emergency_model.rs:3:5
  |
3 | use std::sync::Arc;
  |     ^^^^^^^^^^^^^^

warning: unused import: `std::collections::HashMap`
  --> src/neural/typed_storage.rs:10:5
   |
10 | use std::collections::HashMap;
   |     ^^^^^^^^^^^^^^^^^^^^^^^^^

warning: unused import: `tokio::sync::RwLock`
  --> src/neural/typed_storage.rs:12:5
   |
12 | use tokio::sync::RwLock;
   |     ^^^^^^^^^^^^^^^^^^^

warning: unused import: `crate::types::DataType`
  --> src/neural/performance_events.rs:15:5
   |
15 | use crate::types::DataType;
   |     ^^^^^^^^^^^^^^^^^^^^^^

warning: unused imports: `DateTime` and `Utc`
  --> src/observability/mod.rs:11:14
   |
11 | use chrono::{DateTime, Utc};
   |              ^^^^^^^^  ^^^

warning: unused import: `std::collections::HashMap`
  --> src/performance/optimizations.rs:14:5
   |
14 | use std::collections::HashMap;
   |     ^^^^^^^^^^^^^^^^^^^^^^^^^

warning: unused import: `warn`
  --> src/performance/optimizations.rs:17:28
   |
17 | use tracing::{debug, info, warn};
   |                            ^^^^

warning: unused import: `Datelike`
 --> src/utils/market_hours/holidays.rs:6:40
  |
6 | use chrono::{DateTime, Utc, NaiveDate, Datelike};
  |                                        ^^^^^^^^

warning: unused import: `Context`
  --> src/utils/market_hours/scheduler.rs:11:14
   |
11 | use anyhow::{Context, Result};
   |              ^^^^^^^

warning: unused import: `info`
  --> src/utils/resource_monitor.rs:13:29
   |
13 | use tracing::{debug, error, info, warn};
   |                             ^^^^

warning: unused imports: `HashSet` and `VecDeque`
 --> src/multi_channel/mod.rs:8:33
  |
8 | use std::collections::{HashMap, HashSet, VecDeque};
  |                                 ^^^^^^^  ^^^^^^^^

warning: unused import: `mpsc`
  --> src/multi_channel/mod.rs:11:27
   |
11 | use tokio::sync::{RwLock, mpsc};
   |                           ^^^^

warning: unused import: `Serialize`
  --> src/multi_channel/mod.rs:13:26
   |
13 | use serde::{Deserialize, Serialize};
   |                          ^^^^^^^^^

warning: unused import: `ProcessingPriority`
  --> src/multi_channel/fair_scheduler.rs:10:38
   |
10 | use crate::multi_channel::{WorkItem, ProcessingPriority, SymbolStats};
   |                                      ^^^^^^^^^^^^^^^^^^

warning: unused import: `MarketData`
  --> src/multi_channel/channel_manager.rs:14:37
   |
14 | use crate::adapters::{AdapterError, MarketData};
   |                                     ^^^^^^^^^^

warning: unused variable: `model_name`
   --> src/adapters/enhanced_neural_adapter.rs:450:23
    |
450 |                 move |model_name, data, horizon| {
    |                       ^^^^^^^^^^ help: if this is intentional, prefix it with an underscore: `_model_name`
    |
    = note: `#[warn(unused_variables)]` on by default

warning: unused variable: `error`
   --> src/adapters/fallback_manager.rs:246:17
    |
246 |             Err(error) => {
    |                 ^^^^^ help: if this is intentional, prefix it with an underscore: `_error`

warning: unused variable: `position`
   --> src/adapters/fallback_manager.rs:300:9
    |
300 |         position: u32,
    |         ^^^^^^^^ help: if this is intentional, prefix it with an underscore: `_position`

warning: unused variable: `model_name`
   --> src/adapters/model_rollback.rs:953:44
    |
953 |                 let filtered = if let Some(model_name) = model {
    |                                            ^^^^^^^^^^ help: if this is intentional, prefix it with an underscore: `_model_name`

warning: use of deprecated method `redis::Client::get_async_connection`: aio::Connection is deprecated. Use client::get_multiplexed_async_connection instead.
  --> src/adapters/redis.rs:87:14
   |
87 |             .get_async_connection()
   |              ^^^^^^^^^^^^^^^^^^^^
   |
   = note: `#[warn(deprecated)]` on by default

warning: unused variable: `serialized`
   --> src/adapters/redis_sector_channels.rs:167:13
    |
167 |         let serialized = self.serialize_and_compress(data).await?;
    |             ^^^^^^^^^^ help: if this is intentional, prefix it with an underscore: `_serialized`

warning: unused variable: `fields`
   --> src/adapters/redis_sector_channels.rs:224:13
    |
224 |         let fields = vec![
    |             ^^^^^^ help: if this is intentional, prefix it with an underscore: `_fields`

warning: unused variable: `serialized`
   --> src/adapters/redis_sector_channels.rs:297:13
    |
297 |         let serialized = self.serialize_and_compress(decision).await?;
    |             ^^^^^^^^^^ help: if this is intentional, prefix it with an underscore: `_serialized`

warning: unused variable: `serialized`
   --> src/adapters/redis_sector_channels.rs:351:13
    |
351 |         let serialized = self.serialize_and_compress(data).await?;
    |             ^^^^^^^^^^ help: if this is intentional, prefix it with an underscore: `_serialized`

warning: unused variable: `serialized`
   --> src/adapters/redis_sector_channels.rs:380:13
    |
380 |         let serialized = self.serialize_and_compress(data).await?;
    |             ^^^^^^^^^^ help: if this is intentional, prefix it with an underscore: `_serialized`

warning: unused variable: `redis`
   --> src/adapters/redis_sector_channels.rs:382:13
    |
382 |         let redis = self.redis.read().await;
    |             ^^^^^ help: if this is intentional, prefix it with an underscore: `_redis`

warning: unused variable: `serialized`
   --> src/adapters/redis_sector_channels.rs:396:13
    |
396 |         let serialized = self.serialize_and_compress(decision).await?;
    |             ^^^^^^^^^^ help: if this is intentional, prefix it with an underscore: `_serialized`

warning: unused variable: `serialized`
   --> src/adapters/redis_sector_channels.rs:409:13
    |
409 |         let serialized = self.serialize_and_compress(data).await?;
    |             ^^^^^^^^^^ help: if this is intentional, prefix it with an underscore: `_serialized`

warning: unused variable: `context`
  --> src/agents/mod.rs:88:47
   |
88 |     pub async fn update_market_context(&self, context: MarketContext) -> Result<()> {
   |                                               ^^^^^^^ help: if this is intentional, prefix it with an underscore: `_context`

warning: unused variable: `create_result`
  --> src/agents/daa_bridge.rs:45:13
   |
45 |         let create_result = Self::execute_daa_command(
   |             ^^^^^^^^^^^^^ help: if this is intentional, prefix it with an underscore: `_create_result`

warning: unused variable: `completed_jobs`
   --> src/daa/training_scheduler.rs:369:17
    |
369 |             let completed_jobs = Arc::clone(&self.completed_jobs);
    |                 ^^^^^^^^^^^^^^ help: if this is intentional, prefix it with an underscore: `_completed_jobs`

warning: unused variable: `job_semaphore`
   --> src/daa/training_scheduler.rs:372:17
    |
372 |             let job_semaphore = Arc::clone(&self.job_semaphore);
    |                 ^^^^^^^^^^^^^ help: if this is intentional, prefix it with an underscore: `_job_semaphore`

warning: unused variable: `executor_handle`
   --> src/daa/training_scheduler.rs:401:13
    |
401 |         let executor_handle = {
    |             ^^^^^^^^^^^^^^^ help: if this is intentional, prefix it with an underscore: `_executor_handle`

warning: this function depends on never type fallback being `()`
  --> src/data/cache.rs:48:5
   |
48 | /     pub async fn set<T: Serialize>(
49 | |         &self,
50 | |         key: &str,
51 | |         value: &T,
52 | |         ttl_seconds: Option<u64>,
53 | |     ) -> Result<()> {
   | |___________________^
   |
   = warning: this was previously accepted by the compiler but is being phased out; it will become a hard error in Rust 2024 and in a future release in all editions!
   = note: for more information, see <https://doc.rust-lang.org/nightly/edition-guide/rust-2024/never-type-fallback.html>
   = help: specify the types explicitly
note: in edition 2024, the requirement `!: FromRedisValue` will fail
  --> src/data/cache.rs:64:22
   |
64 |                     .query_async(&mut conn)
   |                      ^^^^^^^^^^^
   = note: `#[warn(dependency_on_unit_never_type_fallback)]` on by default
help: use `()` annotations to avoid fallback changes
   |
64 ~                     .query_async::<()>(&mut conn)
65 |                     .await
...
71 |                     .arg(serialized)
72 ~                     .query_async::<()>(&mut conn)
   |

warning: this function depends on never type fallback being `()`
   --> src/data/cache.rs:123:5
    |
123 |     pub async fn invalidate(&self, key: &str) -> Result<()> {
    |     ^^^^^^^^^^^^^^^^^^^^^^^^^^^^^^^^^^^^^^^^^^^^^^^^^^^^^^^
    |
    = warning: this was previously accepted by the compiler but is being phased out; it will become a hard error in Rust 2024 and in a future release in all editions!
    = note: for more information, see <https://doc.rust-lang.org/nightly/edition-guide/rust-2024/never-type-fallback.html>
    = help: specify the types explicitly
note: in edition 2024, the requirement `!: FromRedisValue` will fail
   --> src/data/cache.rs:128:14
    |
128 |             .query_async(&mut conn)
    |              ^^^^^^^^^^^
help: use `()` annotations to avoid fallback changes
    |
128 |             .query_async::<()>(&mut conn)
    |                         ++++++

error[E0599]: no method named `context` found for enum `std::result::Result` in the current scope
   --> src/data/sector_mapper.rs:539:14
    |
538 |           let config_str = tokio::fs::read_to_string(config_path).await
    |  __________________________-
539 | |             .context(format!("Failed to read config file: {:?}", config_path))?;
    | |_____________-^^^^^^^
    |
   ::: /usr/local/cargo/registry/src/index.crates.io-1949cf8c6b5b557f/anyhow-1.0.99/src/lib.rs:622:8
    |
622 |       fn context<C>(self, context: C) -> Result<T, Error>
    |          ------- the method is available for `std::result::Result<std::string::String, std::io::Error>` here
    |
    = help: items from traits can only be used if the trait is in scope
help: trait `Context` which provides `context` is implemented but not in scope; perhaps you want to import it
    |
13  + use anyhow::Context;
    |
help: there is a method `with_context` with a similar name
    |
539 |             .with_context(format!("Failed to read config file: {:?}", config_path))?;
    |              +++++

error[E0599]: no method named `context` found for enum `std::result::Result` in the current scope
   --> src/data/sector_mapper.rs:543:14
    |
542 |           let config: toml::Value = toml::from_str(&config_str)
    |  ___________________________________-
543 | |             .context("Failed to parse TOML configuration")?;
    | |_____________-^^^^^^^
    |
   ::: /usr/local/cargo/registry/src/index.crates.io-1949cf8c6b5b557f/anyhow-1.0.99/src/lib.rs:622:8
    |
622 |       fn context<C>(self, context: C) -> Result<T, Error>
    |          ------- the method is available for `std::result::Result<_, toml::de::Error>` here
    |
    = help: items from traits can only be used if the trait is in scope
help: trait `Context` which provides `context` is implemented but not in scope; perhaps you want to import it
    |
13  + use anyhow::Context;
    |
help: there is a method `with_context` with a similar name
    |
543 |             .with_context("Failed to parse TOML configuration")?;
    |              +++++

warning: unused variable: `cache`
   --> src/data/sector_aggregator.rs:290:25
    |
290 |             if let Some(cache) = &self.cache {
    |                         ^^^^^ help: if this is intentional, prefix it with an underscore: `_cache`

warning: unused variable: `value`
   --> src/data/sector_aggregator.rs:292:21
    |
292 |                 let value = serde_json::to_string(&aggregation)?;
    |                     ^^^^^ help: if this is intentional, prefix it with an underscore: `_value`

warning: unused variable: `etf_history`
   --> src/data/sector_aggregator.rs:448:25
    |
448 |             if let Some(etf_history) = self.etf_prices.get(&etf_symbol) {
    |                         ^^^^^^^^^^^ help: if this is intentional, prefix it with an underscore: `_etf_history`

warning: unused variable: `sector_agg`
   --> src/data/sector_aggregator.rs:449:29
    |
449 |                 if let Some(sector_agg) = self.aggregations.get(sector_id) {
    |                             ^^^^^^^^^^ help: if this is intentional, prefix it with an underscore: `_sector_agg`

warning: unused variable: `symbol`
    --> src/features/training_features.rs:1325:9
     |
1325 |         symbol: &str,
     |         ^^^^^^ help: if this is intentional, prefix it with an underscore: `_symbol`

warning: unused variable: `window_size`
    --> src/features/training_features.rs:1327:9
     |
1327 |         window_size: usize,
     |         ^^^^^^^^^^^ help: if this is intentional, prefix it with an underscore: `_window_size`

warning: unused variable: `symbol_data`
   --> src/features/symbol_specialization.rs:302:9
    |
302 |         symbol_data: &TimeSeriesData,
    |         ^^^^^^^^^^^ help: if this is intentional, prefix it with an underscore: `_symbol_data`

warning: unused variable: `features`
   --> src/features/symbol_specialization.rs:732:57
    |
732 |     async fn validates_improvement(&self, symbol: &str, features: &HashMap<String, f64>) -> Result<bool> {
    |                                                         ^^^^^^^^ help: if this is intentional, prefix it with an underscore: `_features`

warning: variable does not need to be mutable
  --> src/integration/autonomous_neural_coordinator.rs:99:17
   |
99 |             let mut integration = training_integration.write().await;
   |                 ----^^^^^^^^^^^
   |                 |
   |                 help: remove this `mut`
   |
   = note: `#[warn(unused_mut)]` on by default

warning: variable `hold_votes` is assigned to, but never used
   --> src/integration/daa_coordinator.rs:603:17
    |
603 |         let mut hold_votes = 0;
    |                 ^^^^^^^^^^
    |
    = note: consider using `_hold_votes` instead

warning: unused variable: `decision`
   --> src/integration/daa_coordinator.rs:710:9
    |
710 |         decision: &AutonomousDecision,
    |         ^^^^^^^^ help: if this is intentional, prefix it with an underscore: `_decision`

warning: unused variable: `market_context`
   --> src/integration/daa_coordinator.rs:711:9
    |
711 |         market_context: &MarketContext,
    |         ^^^^^^^^^^^^^^ help: if this is intentional, prefix it with an underscore: `_market_context`

warning: unused variable: `job_id`
   --> src/integration/daa_coordinator.rs:904:17
    |
904 |             let job_id = uuid::Uuid::new_v4().to_string();
    |                 ^^^^^^ help: if this is intentional, prefix it with an underscore: `_job_id`

warning: unused variable: `sample_actual`
    --> src/integration/daa_coordinator.rs:1009:17
     |
1009 |             let sample_actual = vec![50000.0, 50100.0, 49900.0]; // Mock actual values
     |                 ^^^^^^^^^^^^^ help: if this is intentional, prefix it with an underscore: `_sample_actual`

warning: unused variable: `sample_predicted`
    --> src/integration/daa_coordinator.rs:1014:17
     |
1014 |             let sample_predicted: Vec<PredictionResult> = sample_predicted_values
     |                 ^^^^^^^^^^^^^^^^ help: if this is intentional, prefix it with an underscore: `_sample_predicted`

warning: unused variable: `historical_data`
    --> src/integration/daa_coordinator.rs:1220:9
     |
1220 |         historical_data: &[TimeSeriesData],
     |         ^^^^^^^^^^^^^^^ help: if this is intentional, prefix it with an underscore: `_historical_data`

warning: unused variable: `sector_info`
    --> src/integration/daa_coordinator.rs:1828:9
     |
1828 |         sector_info: &SectorInfo,
     |         ^^^^^^^^^^^ help: if this is intentional, prefix it with an underscore: `_sector_info`

warning: unused variable: `sector_info`
    --> src/integration/daa_coordinator.rs:1869:9
     |
1869 |         sector_info: &SectorInfo,
     |         ^^^^^^^^^^^ help: if this is intentional, prefix it with an underscore: `_sector_info`

warning: unused variable: `sector_data`
    --> src/integration/daa_coordinator.rs:1871:9
     |
1871 |         sector_data: Option<&[TimeSeriesData]>,
     |         ^^^^^^^^^^^ help: if this is intentional, prefix it with an underscore: `_sector_data`

warning: unused variable: `base_decision`
   --> src/integration/daa_coordinator_enhanced.rs:468:9
    |
468 |         base_decision: &AutonomousDecision,
    |         ^^^^^^^^^^^^^ help: if this is intentional, prefix it with an underscore: `_base_decision`

warning: unused variable: `data_availability`
   --> src/integration/daa_coordinator_enhanced.rs:537:9
    |
537 |         data_availability: &DataAvailability,
    |         ^^^^^^^^^^^^^^^^^ help: if this is intentional, prefix it with an underscore: `_data_availability`

warning: unused variable: `strategy_signals`
   --> src/integration/daa_coordinator_modular/core.rs:228:9
    |
228 |         strategy_signals: HashMap<String, Signal>,
    |         ^^^^^^^^^^^^^^^^ help: if this is intentional, prefix it with an underscore: `_strategy_signals`

warning: variable `hold_votes` is assigned to, but never used
   --> src/integration/daa_coordinator_modular/strategies.rs:114:17
    |
114 |         let mut hold_votes = 0;
    |                 ^^^^^^^^^^
    |
    = note: consider using `_hold_votes` instead

warning: unused variable: `decision`
   --> src/integration/daa_coordinator_modular/agents.rs:204:9
    |
204 |         decision: &AutonomousDecision,
    |         ^^^^^^^^ help: if this is intentional, prefix it with an underscore: `_decision`

warning: unused variable: `model_path_str`
   --> src/integration/model_persistence_service.rs:676:13
    |
676 |         let model_path_str = production_model_path.to_str()
    |             ^^^^^^^^^^^^^^ help: if this is intentional, prefix it with an underscore: `_model_path_str`

warning: unused variable: `component`
   --> src/monitoring/health/health_server.rs:126:9
    |
126 |         component: ComponentType,
    |         ^^^^^^^^^ help: if this is intentional, prefix it with an underscore: `_component`

warning: unused variable: `status`
   --> src/monitoring/health/health_server.rs:127:9
    |
127 |         status: HealthStatus,
    |         ^^^^^^ help: if this is intentional, prefix it with an underscore: `_status`

warning: unused variable: `system_health`
   --> src/monitoring/health/health_server.rs:226:9
    |
226 |     let system_health = match monitor.get_system_health().await {
    |         ^^^^^^^^^^^^^ help: if this is intentional, prefix it with an underscore: `_system_health`

warning: variable does not need to be mutable
   --> src/neural/fann_model_adapter.rs:421:13
    |
421 |         let mut record = self.train_with_real_backprop(training_data, config).await?;
    |             ----^^^^^^
    |             |
    |             help: remove this `mut`

warning: unused variable: `model_name`
  --> src/neural/batch_optimizer.rs:78:9
   |
78 |         model_name: &str,
   |         ^^^^^^^^^^ help: if this is intentional, prefix it with an underscore: `_model_name`

warning: unused variable: `start`
   --> src/neural/batch_optimizer.rs:102:13
    |
102 |         let start = Instant::now();
    |             ^^^^^ help: if this is intentional, prefix it with an underscore: `_start`

warning: unused variable: `model_name`
   --> src/neural/batch_optimizer.rs:107:13
    |
107 |         for model_name in models {
    |             ^^^^^^^^^^ help: if this is intentional, prefix it with an underscore: `_model_name`

warning: unused variable: `model_names`
   --> src/neural/batch_optimizer.rs:146:9
    |
146 |         model_names: &[String],
    |         ^^^^^^^^^^^ help: if this is intentional, prefix it with an underscore: `_model_names`

warning: unused variable: `usage_bytes`
   --> src/neural/vendor_predictor.rs:307:14
    |
307 |         let (usage_bytes, usage_mb) = self.get_memory_usage().await;
    |              ^^^^^^^^^^^ help: if this is intentional, prefix it with an underscore: `_usage_bytes`

warning: unused variable: `estimated_memory_mb`
   --> src/neural/vendor_predictor.rs:553:9
    |
553 |         estimated_memory_mb: f64,
    |         ^^^^^^^^^^^^^^^^^^^ help: if this is intentional, prefix it with an underscore: `_estimated_memory_mb`

warning: unused variable: `all_features`
   --> src/neural/vendor_predictor.rs:866:13
    |
866 |         let all_features: Vec<String> = vec![];
    |             ^^^^^^^^^^^^ help: if this is intentional, prefix it with an underscore: `_all_features`

warning: unused variable: `data`
   --> src/neural/sector_aggregator.rs:420:9
    |
420 |         data: &TimeSeriesData,
    |         ^^^^ help: if this is intentional, prefix it with an underscore: `_data`

warning: unreachable statement
   --> src/neural/migration_layer.rs:243:17
    |
219 |                 continue;
    |                 -------- any code following this expression is unreachable
...
243 |                 let progress = (migrated_count + failed_count) as f32 / stats.total_models as f32;
    |                 ^^^^^^^^^^^^^^^^^^^^^^^^^^^^^^^^^^^^^^^^^^^^^^^^^^^^^^^^^^^^^^^^^^^^^^^^^^^^^^^^^^ unreachable statement
    |
    = note: `#[warn(unreachable_code)]` on by default

warning: unused variable: `factory_registry`
   --> src/neural/migration_layer.rs:199:13
    |
199 |         let factory_registry = self.factory_registry.read().await;
    |             ^^^^^^^^^^^^^^^^ help: if this is intentional, prefix it with an underscore: `_factory_registry`

warning: unused variable: `model_def`
   --> src/neural/migration_layer.rs:213:30
    |
213 |             for (model_name, model_def) in chunk {
    |                              ^^^^^^^^^ help: if this is intentional, prefix it with an underscore: `_model_def`

warning: unused variable: `migration_start`
   --> src/neural/migration_layer.rs:214:21
    |
214 |                 let migration_start = std::time::Instant::now();
    |                     ^^^^^^^^^^^^^^^ help: if this is intentional, prefix it with an underscore: `_migration_start`

warning: variable does not need to be mutable
   --> src/neural/migration_layer.rs:204:13
    |
204 |         let mut failed_count = 0;
    |             ----^^^^^^^^^^^^
    |             |
    |             help: remove this `mut`

warning: unused variable: `model_def`
   --> src/neural/migration_layer.rs:285:9
    |
285 |         model_def: &crate::config::SectorModelDefinition,
    |         ^^^^^^^^^ help: if this is intentional, prefix it with an underscore: `_model_def`

warning: unused variable: `factory_registry`
   --> src/neural/migration_layer.rs:286:9
    |
286 |         factory_registry: &ModelFactoryRegistry<f32>,
    |         ^^^^^^^^^^^^^^^^ help: if this is intentional, prefix it with an underscore: `_factory_registry`

warning: unused variable: `agent_config`
   --> src/orchestration/platform_orchestrator.rs:162:9
    |
162 |         agent_config: serde_json::Value,
    |         ^^^^^^^^^^^^ help: if this is intentional, prefix it with an underscore: `_agent_config`

warning: unused variable: `platform`
   --> src/orchestration/platform_orchestrator.rs:165:13
    |
165 |         let platform = platforms
    |             ^^^^^^^^ help: if this is intentional, prefix it with an underscore: `_platform`

warning: unused variable: `agent_id`
   --> src/orchestration/platform_orchestrator.rs:183:9
    |
183 |         agent_id: &str,
    |         ^^^^^^^^ help: if this is intentional, prefix it with an underscore: `_agent_id`

warning: unused variable: `platform_id`
   --> src/orchestration/platform_orchestrator.rs:242:14
    |
242 |         for (platform_id, platform) in platforms.iter() {
    |              ^^^^^^^^^^^ help: if this is intentional, prefix it with an underscore: `_platform_id`

warning: unused variable: `platform`
   --> src/orchestration/platform_orchestrator.rs:242:27
    |
242 |         for (platform_id, platform) in platforms.iter() {
    |                           ^^^^^^^^ help: if this is intentional, prefix it with an underscore: `_platform`

warning: unused variable: `metadata`
  --> src/utils/disk_manager.rs:97:13
   |
97 |         let metadata = fs::metadata(path).await?;
   |             ^^^^^^^^ help: if this is intentional, prefix it with an underscore: `_metadata`

warning: unused variable: `exchange`
   --> src/utils/market_hours/mod.rs:142:41
    |
142 |     pub async fn update_holidays(&self, exchange: Exchange, holidays: Vec<holidays::Holiday>) {
    |                                         ^^^^^^^^ help: if this is intentional, prefix it with an underscore: `_exchange`

warning: unused variable: `holidays`
   --> src/utils/market_hours/mod.rs:142:61
    |
142 |     pub async fn update_holidays(&self, exchange: Exchange, holidays: Vec<holidays::Holiday>) {
    |                                                             ^^^^^^^^ help: if this is intentional, prefix it with an underscore: `_holidays`

warning: unused variable: `exchange`
   --> src/utils/market_hours/mod.rs:149:36
    |
149 |     pub async fn is_holiday(&self, exchange: Exchange, date: DateTime<Utc>) -> bool {
    |                                    ^^^^^^^^ help: if this is intentional, prefix it with an underscore: `_exchange`

warning: unused variable: `date`
   --> src/utils/market_hours/mod.rs:149:56
    |
149 |     pub async fn is_holiday(&self, exchange: Exchange, date: DateTime<Utc>) -> bool {
    |                                                        ^^^^ help: if this is intentional, prefix it with an underscore: `_date`

warning: unused import: `futures::StreamExt`
  --> src/multi_channel/mod.rs:12:5
   |
12 | use futures::StreamExt;
   |     ^^^^^^^^^^^^^^^^^^

warning: unused variable: `d_period`
   --> src/features/technical_indicators/momentum.rs:145:9
    |
145 |         d_period: usize,
    |         ^^^^^^^^ help: if this is intentional, prefix it with an underscore: `_d_period`

warning: unused variable: `current`
   --> src/features/technical_indicators/momentum.rs:164:9
    |
164 |         current: &TimeSeriesData,
    |         ^^^^^^^ help: if this is intentional, prefix it with an underscore: `_current`

warning: unused variable: `alpha2`
   --> src/features/technical_indicators/momentum.rs:273:13
    |
273 |         let alpha2 = 2.0 / (second_period as f64 + 1.0);
    |             ^^^^^^ help: if this is intentional, prefix it with an underscore: `_alpha2`

warning: unused variable: `current`
   --> src/features/technical_indicators/advanced.rs:324:9
    |
324 |         current: &TimeSeriesData,
    |         ^^^^^^^ help: if this is intentional, prefix it with an underscore: `_current`

warning: unused variable: `current`
   --> src/features/technical_indicators/advanced.rs:364:9
    |
364 |         current: &TimeSeriesData,
    |         ^^^^^^^ help: if this is intentional, prefix it with an underscore: `_current`

warning: unused variable: `period`
   --> src/features/technical_indicators/advanced.rs:409:9
    |
409 |         period: usize,
    |         ^^^^^^ help: if this is intentional, prefix it with an underscore: `_period`

warning: unused variable: `current`
   --> src/features/technical_indicators/advanced.rs:464:9
    |
464 |         current: &TimeSeriesData,
    |         ^^^^^^^ help: if this is intentional, prefix it with an underscore: `_current`

warning: unused variable: `period`
   --> src/features/technical_indicators/advanced.rs:466:9
    |
466 |         period: usize,
    |         ^^^^^^ help: if this is intentional, prefix it with an underscore: `_period`

warning: unused variable: `current`
   --> src/features/market_microstructure.rs:649:9
    |
649 |         current: &TimeSeriesData,
    |         ^^^^^^^ help: if this is intentional, prefix it with an underscore: `_current`

warning: unused variable: `stats`
   --> src/features/regime_detection.rs:368:9
    |
368 |         stats: &MarketStatistics,
    |         ^^^^^ help: if this is intentional, prefix it with an underscore: `_stats`

warning: variable `unknown_count` is assigned to, but never used
   --> src/monitoring/health/async_health_monitor.rs:308:17
    |
308 |         let mut unknown_count = 0;
    |                 ^^^^^^^^^^^^^
    |
    = note: consider using `_unknown_count` instead

warning: unused variable: `config`
   --> src/neural/performance_optimizer.rs:289:9
    |
289 |         config: &VendorPredictorConfig,
    |         ^^^^^^ help: if this is intentional, prefix it with an underscore: `_config`

warning: unused variable: `registry`
   --> src/neural/model_factory.rs:444:9
    |
444 |         registry: &ModelFactoryRegistry<f32>,
    |         ^^^^^^^^ help: if this is intentional, prefix it with an underscore: `_registry`

warning: unused variable: `registry`
   --> src/neural/model_factory.rs:460:9
    |
460 |         registry: &ModelFactoryRegistry<f32>,
    |         ^^^^^^^^ help: if this is intentional, prefix it with an underscore: `_registry`

warning: unused variable: `model`
   --> src/neural/typed_storage.rs:397:9
    |
397 |         model: &Arc<dyn BaseModel<f32, State = (), Config = ()> + Send + Sync>,
    |         ^^^^^ help: if this is intentional, prefix it with an underscore: `_model`

For more information about this error, try `rustc --explain E0599`.
warning: `autonomous-platform` (lib) generated 198 warnings
error: could not compile `autonomous-platform` (lib) due to 2 previous errors; 198 warnings emitted
